{"lineage": "BQ.1", "nextstrain_clade": "22E", "mutations_relative_to": {"wuhan": {"coding": [{"aa_change": {"gene": "S", "ref": "H", "pos": 655, "alt": "Y"}, "nuc_change": [{"ref": "C", "pos": 23525, "alt": "T"}]}, {"aa_change": {"gene": "S", "ref": "N", "pos": 764, "alt": "K"}, "nuc_change": [{"ref": "C", "pos": 23854, "alt": "A"}]}, {"aa_change": {"gene": "S", "ref": "N", "pos": 679, "alt": "K"}, "nuc_change": [{"ref": "T", "pos": 23599, "alt": "G"}]}, {"aa_change": {"gene": "N", "ref": "E", "pos": 31, "alt": "-"}, "nuc_change": [{"ref": "G", "pos": 28362, "alt": "-"}, {"ref": "A", "pos": 28363, "alt": "-"}, {"ref": "G", "pos": 28364, "alt": "-"}], "notes": "Deletion in-frame for ORF9b; in N, deletes last 2 bases of AA 30, entirety of 31/32, first base of 33"}, {"aa_change": {"gene": "ORF1a", "ref": "Q", "pos": 556, "alt": "K"}, "nuc_change": [{"ref": "C", "pos": 1931, "alt": "A"}]}, {"aa_change": {"gene": "N", "ref": "G", "pos": 204, "alt": "R"}, "nuc_change": [{"ref": "G", "pos": 28883, "alt": "C"}]}, {"aa_change": {"gene": "M", "ref": "A", "pos": 63, "alt": "T"}, "nuc_change": [{"ref": "G", "pos": 26709, "alt": "A"}]}, {"aa_change": {"gene": "S", "ref": "T", "pos": 19, "alt": "I"}, "nuc_change": [{"ref": "C", "pos": 21618, "alt": "T"}]}, {"aa_change": {"gene": "S", "ref": "N", "pos": 460, "alt": "K"}, "nuc_change": [{"ref": "T", "pos": 22942, "alt": "A"}]}, {"aa_change": {"gene": "S", "ref": "L", "pos": 452, "alt": "R"}, "nuc_change": [{"ref": "T", "pos": 22917, "alt": "G"}]}, {"aa_change": {"gene": "S", "ref": "K", "pos": 417, "alt": "N"}, "nuc_change": [{"ref": "G", "pos": 22813, "alt": "T"}]}, {"aa_change": {"gene": "S", "ref": "P", "pos": 681, "alt": "H"}, "nuc_change": [{"ref": "C", "pos": 23604, "alt": "A"}]}, {"aa_change": {"gene": "ORF1a", "ref": "F", "pos": 3677, "alt": "-"}, "nuc_change": [{"ref": "T", "pos": 11294, "alt": "-"}, {"ref": "T", "pos": 11295, "alt": "-"}, {"ref": "T", "pos": 11296, "alt": "-"}]}, {"aa_change": {"gene": "S", "ref": "S", "pos": 477, "alt": "N"}, "nuc_change": [{"ref": "G", "pos": 22992, "alt": "A"}]}, {"aa_change": {"gene": "N", "ref": "R", "pos": 32, "alt": "-"}, "nuc_change": [{"ref": "A", "pos": 28365, "alt": "-"}, {"ref": "A", "pos": 28366, "alt": "-"}, {"ref": "C", "pos": 28367, "alt": "-"}], "notes": "Deletion in-frame for ORF9b; in N, deletes last 2 bases of AA 30, entirety of 31/32, first base of 33"}, {"aa_change": {"gene": "S", "ref": "D", "pos": 796, "alt": "Y"}, "nuc_change": [{"ref": "G", "pos": 23948, "alt": "T"}]}, {"aa_change": {"gene": "S", "ref": "K", "pos": 444, "alt": "T"}, "nuc_change": [{"ref": "A", "pos": 22893, "alt": "C"}]}, {"aa_change": {"gene": "ORF1a", "ref": "S", "pos": 3675, "alt": "-"}, "nuc_change": [{"ref": "T", "pos": 11288, "alt": "-"}, {"ref": "C", "pos": 11289, "alt": "-"}, {"ref": "T", "pos": 11290, "alt": "-"}]}, {"aa_change": {"gene": "S", "ref": "H", "pos": 69, "alt": "-"}, "nuc_change": [{"ref": "T", "pos": 21765, "alt": "-"}, {"ref": "A", "pos": 21766, "alt": "-"}, {"ref": "C", "pos": 21767, "alt": "-"}]}, {"aa_change": {"gene": "N", "ref": "E", "pos": 136, "alt": "D"}, "nuc_change": [{"ref": "G", "pos": 28681, "alt": "T"}]}, {"aa_change": {"gene": "S", "ref": "P", "pos": 25, "alt": "-"}, "nuc_change": [{"ref": "C", "pos": 21635, "alt": "-"}, {"ref": "C", "pos": 21636, "alt": "-"}, {"ref": "C", "pos": 21637, "alt": "-"}], "notes": "Deletion removes last 2 bases from AA 24, entirety of 25/26, first base of 27"}, {"aa_change": {"gene": "S", "ref": "Y", "pos": 505, "alt": "H"}, "nuc_change": [{"ref": "T", "pos": 23075, "alt": "C"}]}, {"aa_change": {"gene": "M", "ref": "D", "pos": 3, "alt": "N"}, "nuc_change": [{"ref": "G", "pos": 26529, "alt": "A"}]}, {"aa_change": {"gene": "ORF1a", "ref": "G", "pos": 3676, "alt": "-"}, "nuc_change": [{"ref": "G", "pos": 11291, "alt": "-"}, {"ref": "G", "pos": 11292, "alt": "-"}, {"ref": "T", "pos": 11293, "alt": "-"}]}, {"aa_change": {"gene": "ORF1a", "ref": "G", "pos": 1307, "alt": "S"}, "nuc_change": [{"ref": "G", "pos": 4184, "alt": "A"}]}, {"aa_change": {"gene": "ORF1b", "ref": "M", "pos": 1156, "alt": "I"}, "nuc_change": [{"ref": "G", "pos": 16935, "alt": "A"}]}, {"aa_change": {"gene": "ORF1b", "ref": "T", "pos": 2163, "alt": "I"}, "nuc_change": [{"ref": "C", "pos": 19955, "alt": "T"}]}, {"aa_change": {"gene": "S", "ref": "S", "pos": 371, "alt": "F"}, "nuc_change": [{"ref": "C", "pos": 22674, "alt": "T"}]}, {"aa_change": {"gene": "S", "ref": "V", "pos": 213, "alt": "G"}, "nuc_change": [{"ref": "T", "pos": 22200, "alt": "G"}]}, {"aa_change": {"gene": "M", "ref": "Q", "pos": 19, "alt": "E"}, "nuc_change": [{"ref": "C", "pos": 26577, "alt": "G"}]}, {"aa_change": {"gene": "S", "ref": "L", "pos": 24, "alt": "-"}, "nuc_change": [{"ref": "T", "pos": 21633, "alt": "-"}, {"ref": "A", "pos": 21634, "alt": "-"}], "notes": "Deletion removes last 2 bases from AA 24, entirety of 25/26, first base of 27"}, {"aa_change": {"gene": "S", "ref": "Q", "pos": 498, "alt": "R"}, "nuc_change": [{"ref": "A", "pos": 23055, "alt": "G"}]}, {"aa_change": {"gene": "N", "ref": "S", "pos": 413, "alt": "R"}, "nuc_change": [{"ref": "A", "pos": 29510, "alt": "C"}]}, {"aa_change": {"gene": "S", "ref": "Q", "pos": 954, "alt": "H"}, "nuc_change": [{"ref": "A", "pos": 24424, "alt": "T"}]}, {"aa_change": {"gene": "S", "ref": "D", "pos": 405, "alt": "N"}, "nuc_change": [{"ref": "G", "pos": 22775, "alt": "A"}]}, {"aa_change": {"gene": "N", "ref": "R", "pos": 203, "alt": "K"}, "nuc_change": [{"ref": "G", "pos": 28881, "alt": "A"}, {"ref": "G", "pos": 28882, "alt": "A"}]}, {"aa_change": {"gene": "E", "ref": "T", "pos": 9, "alt": "I"}, "nuc_change": [{"ref": "C", "pos": 26270, "alt": "T"}]}, {"aa_change": {"gene": "ORF1a", "ref": "L", "pos": 3027, "alt": "F"}, "nuc_change": [{"ref": "C", "pos": 9344, "alt": "T"}]}, {"aa_change": {"gene": "S", "ref": "N", "pos": 440, "alt": "K"}, "nuc_change": [{"ref": "T", "pos": 22882, "alt": "G"}]}, {"aa_change": {"gene": "S", "ref": "F", "pos": 486, "alt": "V"}, "nuc_change": [{"ref": "T", "pos": 23018, "alt": "G"}]}, {"aa_change": {"gene": "S", "ref": "S", "pos": 375, "alt": "F"}, "nuc_change": [{"ref": "C", "pos": 22686, "alt": "T"}]}, {"aa_change": {"gene": "S", "ref": "T", "pos": 478, "alt": "K"}, "nuc_change": [{"ref": "C", "pos": 22995, "alt": "A"}]}, {"aa_change": {"gene": "S", "ref": "R", "pos": 408, "alt": "S"}, "nuc_change": [{"ref": "A", "pos": 22786, "alt": "C"}]}, {"aa_change": {"gene": "ORF3a", "ref": "T", "pos": 223, "alt": "I"}, "nuc_change": [{"ref": "C", "pos": 26060, "alt": "T"}]}, {"aa_change": {"gene": "S", "ref": "A", "pos": 27, "alt": "S"}, "nuc_change": [{"ref": "G", "pos": 21641, "alt": "-"}], "notes": "This change is a consequence of the prior deletion"}, {"aa_change": {"gene": "S", "ref": "T", "pos": 376, "alt": "A"}, "nuc_change": [{"ref": "A", "pos": 22688, "alt": "G"}]}, {"aa_change": {"gene": "S", "ref": "E", "pos": 484, "alt": "A"}, "nuc_change": [{"ref": "A", "pos": 23013, "alt": "C"}]}, {"aa_change": {"gene": "ORF1a", "ref": "T", "pos": 842, "alt": "I"}, "nuc_change": [{"ref": "C", "pos": 2790, "alt": "T"}]}, {"aa_change": {"gene": "ORF1a", "ref": "T", "pos": 3255, "alt": "I"}, "nuc_change": [{"ref": "C", "pos": 10029, "alt": "T"}]}, {"aa_change": {"gene": "N", "ref": "P", "pos": 13, "alt": "L"}, "nuc_change": [{"ref": "C", "pos": 28311, "alt": "T"}, {"ref": "C", "pos": 28312, "alt": "T"}], "notes": "This mutation causes ORG9b:P10S, but the adjacent mutation changes to P10F"}, {"aa_change": {"gene": "S", "ref": "G", "pos": 339, "alt": "D"}, "nuc_change": [{"ref": "G", "pos": 22578, "alt": "A"}]}, {"aa_change": {"gene": "S", "ref": "G", "pos": 142, "alt": "D"}, "nuc_change": [{"ref": "G", "pos": 21987, "alt": "A"}]}, {"aa_change": {"gene": "ORF1b", "ref": "Y", "pos": 264, "alt": "H"}, "nuc_change": [{"ref": "T", "pos": 14257, "alt": "C"}]}, {"aa_change": {"gene": "S", "ref": "S", "pos": 373, "alt": "P"}, "nuc_change": [{"ref": "T", "pos": 22679, "alt": "C"}]}, {"aa_change": {"gene": "ORF1a", "ref": "P", "pos": 3395, "alt": "H"}, "nuc_change": [{"ref": "C", "pos": 10449, "alt": "A"}]}, {"aa_change": {"gene": "ORF1b", "ref": "R", "pos": 1315, "alt": "C"}, "nuc_change": [{"ref": "C", "pos": 17410, "alt": "T"}]}, {"aa_change": {"gene": "ORF1b", "ref": "P", "pos": 314, "alt": "L"}, "nuc_change": [{"ref": "C", "pos": 14408, "alt": "T"}]}, {"aa_change": {"gene": "ORF1a", "ref": "S", "pos": 135, "alt": "R"}, "nuc_change": [{"ref": "T", "pos": 670, "alt": "G"}]}, {"aa_change": {"gene": "S", "ref": "N", "pos": 501, "alt": "Y"}, "nuc_change": [{"ref": "A", "pos": 23063, "alt": "T"}]}, {"aa_change": {"gene": "S", "ref": "V", "pos": 70, "alt": "-"}, "nuc_change": [{"ref": "A", "pos": 21768, "alt": "-"}, {"ref": "T", "pos": 21769, "alt": "-"}, {"ref": "G", "pos": 21770, "alt": "-"}]}, {"aa_change": {"gene": "ORF1a", "ref": "L", "pos": 3829, "alt": "F"}, "nuc_change": [{"ref": "C", "pos": 11750, "alt": "T"}]}, {"aa_change": {"gene": "ORF1a", "ref": "T", "pos": 3090, "alt": "I"}, "nuc_change": [{"ref": "C", "pos": 9534, "alt": "T"}]}, {"aa_change": {"gene": "S", "ref": "P", "pos": 26, "alt": "-"}, "nuc_change": [{"ref": "C", "pos": 21638, "alt": "-"}, {"ref": "C", "pos": 21639, "alt": "-"}, {"ref": "T", "pos": 21640, "alt": "-"}], "notes": "Deletion removes last 2 bases from AA 24, entirety of 25/26, first base of 27"}, {"aa_change": {"gene": "N", "ref": "S", "pos": 33, "alt": "-"}, "nuc_change": [{"ref": "G", "pos": 28368, "alt": "-"}, {"ref": "C", "pos": 28369, "alt": "-"}, {"ref": "A", "pos": 28370, "alt": "-"}], "notes": "Deletion in-frame for ORF9b; in N, deletes last 2 bases of AA 30, entirety of 31/32, first base of 33"}, {"aa_change": {"gene": "S", "ref": "D", "pos": 614, "alt": "G"}, "nuc_change": [{"ref": "A", "pos": 23403, "alt": "G"}]}, {"aa_change": {"gene": "S", "ref": "N", "pos": 969, "alt": "K"}, "nuc_change": [{"ref": "T", "pos": 24469, "alt": "A"}]}, {"aa_change": {"gene": "ORF1b", "ref": "I", "pos": 1566, "alt": "V"}, "nuc_change": [{"ref": "A", "pos": 18163, "alt": "G"}]}], "silent": [{"nuc_change": {"ref": "C", "pos": 241, "alt": "T"}}, {"nuc_change": {"ref": "T", "pos": 2954, "alt": "C"}}, {"nuc_change": {"ref": "C", "pos": 3037, "alt": "T"}}, {"nuc_change": {"ref": "C", "pos": 4321, "alt": "T"}}, {"nuc_change": {"ref": "A", "pos": 9424, "alt": "G"}}, {"nuc_change": {"ref": "C", "pos": 10198, "alt": "T"}}, {"nuc_change": {"ref": "G", "pos": 10447, "alt": "A"}}, {"nuc_change": {"ref": "G", "pos": 12160, "alt": "A"}}, {"nuc_change": {"ref": "C", "pos": 12880, "alt": "T"}}, {"nuc_change": {"ref": "C", "pos": 15714, "alt": "T"}}, {"nuc_change": {"ref": "A", "pos": 20055, "alt": "G"}}, {"nuc_change": {"ref": "C", "pos": 25000, "alt": "T"}}, {"nuc_change": {"ref": "C", "pos": 25584, "alt": "T"}}, {"nuc_change": {"ref": "C", "pos": 27807, "alt": "T"}}, {"nuc_change": {"ref": "C", "pos": 27889, "alt": "T"}}, {"nuc_change": {"ref": "A", "pos": 28271, "alt": "T"}}, {"nuc_change": {"ref": "G", "pos": 29734, "alt": "-"}}, {"nuc_change": {"ref": "A", "pos": 29735, "alt": "-"}}, {"nuc_change": {"ref": "G", "pos": 29736, "alt": "-"}}, {"nuc_change": {"ref": "G", "pos": 29737, "alt": "-"}}, {"nuc_change": {"ref": "C", "pos": 29738, "alt": "-"}}, {"nuc_change": {"ref": "C", "pos": 29739, "alt": "-"}}, {"nuc_change": {"ref": "A", "pos": 29740, "alt": "-"}}, {"nuc_change": {"ref": "C", "pos": 29741, "alt": "-"}}, {"nuc_change": {"ref": "G", "pos": 29742, "alt": "-"}}, {"nuc_change": {"ref": "C", "pos": 29743, "alt": "-"}}, {"nuc_change": {"ref": "G", "pos": 29744, "alt": "-"}}, {"nuc_change": {"ref": "G", "pos": 29745, "alt": "-"}}, {"nuc_change": {"ref": "A", "pos": 29746, "alt": "-"}}, {"nuc_change": {"ref": "G", "pos": 29747, "alt": "-"}}, {"nuc_change": {"ref": "T", "pos": 29748, "alt": "-"}}, {"nuc_change": {"ref": "A", "pos": 29749, "alt": "-"}}, {"nuc_change": {"ref": "C", "pos": 29750, "alt": "-"}}, {"nuc_change": {"ref": "G", "pos": 29751, "alt": "-"}}, {"nuc_change": {"ref": "A", "pos": 29752, "alt": "-"}}, {"nuc_change": {"ref": "T", "pos": 29753, "alt": "-"}}, {"nuc_change": {"ref": "C", "pos": 29754, "alt": "-"}}, {"nuc_change": {"ref": "G", "pos": 29755, "alt": "-"}}, {"nuc_change": {"ref": "A", "pos": 29756, "alt": "-"}}, {"nuc_change": {"ref": "G", "pos": 29757, "alt": "-"}}, {"nuc_change": {"ref": "T", "pos": 29758, "alt": "-"}}, {"nuc_change": {"ref": "G", "pos": 29759, "alt": "-"}}, {"nuc_change": {"ref": "G", "pos": 29868, "alt": "A"}}]}, "pango_parent": {"coding": [{"aa_change": {"gene": "ORF1b", "ref": "Y", "pos": 264, "alt": "H"}, "nuc_change": [{"ref": "T", "pos": 14257, "alt": "C"}]}, {"aa_change": {"gene": "ORF1b", "ref": "M", "pos": 1156, "alt": "I"}, "nuc_change": [{"ref": "G", "pos": 16935, "alt": "A"}]}, {"aa_change": {"gene": "S", "ref": "N", "pos": 460, "alt": "K"}, "nuc_change": [{"ref": "T", "pos": 22942, "alt": "A"}]}, {"aa_change": {"gene": "ORF1a", "ref": "Q", "pos": 556, "alt": "K"}, "nuc_change": [{"ref": "C", "pos": 1931, "alt": "A"}]}, {"aa_change": {"gene": "N", "ref": "E", "pos": 136, "alt": "D"}, "nuc_change": [{"ref": "G", "pos": 28681, "alt": "T"}]}, {"aa_change": {"gene": "N", "ref": "P", "pos": 13, "alt": "L"}, "nuc_change": [{"ref": "C", "pos": 28312, "alt": "T"}], "notes": "This mutation on top of the one above, change ORf9b:P10S to P10F"}, {"aa_change": {"gene": "S", "ref": "K", "pos": 444, "alt": "T"}, "nuc_change": [{"ref": "A", "pos": 22893, "alt": "C"}]}, {"aa_change": {"gene": "ORF1a", "ref": "L", "pos": 3829, "alt": "F"}, "nuc_change": [{"ref": "C", "pos": 11750, "alt": "T"}]}], "silent": [{"nuc_change": {"ref": "T", "pos": 2954, "alt": "C"}}]}}, "children": ["BQ.1.1", "BQ.1.2", "BQ.1.3", "BQ.1.4", "BQ.1.5", "BQ.1.6", "BQ.1.7", "BQ.1.8", "BQ.1.9", "BQ.1.10", "BQ.1.11", "BQ.1.12", "BQ.1.13", "BQ.1.14", "BQ.1.15", "BQ.1.16", "BQ.1.17", "BQ.1.18", "BQ.1.19", "BQ.1.20", "BQ.1.21", "BQ.1.22", "BQ.1.23", "BQ.1.24", "BQ.1.25", "BQ.1.26", "BQ.1.27", "BQ.1.28", "BQ.1.29", "BQ.1.30", "BQ.1.31", "BQ.1.32", "BQ.1.33"], "designation_date": "2022-09-02", "unaliased": "B.1.1.529.5.3.1.1.1.1.1", "parent": "BE.1.1.1"}