{
  "acknowledgements": {
    "20A.S.126A": {
      "numChunks": 2
    }
  }
}