{
  "South Africa": {
    "c": "#a6cee3",
    "ls": "-"
  }
}