{
  "nameTable": [
    {
      "clade": "20A/S:126A",
      "lineages": [
        {
          "name": "B.1.620",
          "url": null
        }
      ],
      "others": [],
      "who": ""
    }
  ]
}