{
  "regions": [
    {
      "cluster_names": [
        "20A/S:126A"
      ],
      "distributions": [
        {
          "country": "South Africa",
          "distribution": [
            {
              "cluster_counts": {
                "20A/S:126A": 0.0
              },
              "total_sequences": 184,
              "week": "2020-04-27"
            }
          ]
        }
      ],
      "max_date": "2025-04-07",
      "min_date": "2020-04-27",
      "per_country_intro_content": "World.mdx",
      "region": "World"
    }
  ]
}