[
  "EPI_ISL_2893232",
  "EPI_ISL_2609523",
  "EPI_ISL_3385108",
  "EPI_ISL_3386998",
  "EPI_ISL_1620228",
  "EPI_ISL_1915592",
  "EPI_ISL_2492427",
  "EPI_ISL_2885650",
  "EPI_ISL_1688635",
  "EPI_ISL_1688660",
  "EPI_ISL_1827069",
  "EPI_ISL_1827401",
  "EPI_ISL_2191990",
  "EPI_ISL_2192008",
  "EPI_ISL_2192010",
  "EPI_ISL_2192021",
  "EPI_ISL_2192037",
  "EPI_ISL_2192125",
  "EPI_ISL_2605568",
  "EPI_ISL_2861389",
  "EPI_ISL_6814093",
  "EPI_ISL_1241728",
  "EPI_ISL_2612806",
  "EPI_ISL_2685881",
  "EPI_ISL_2930955",
  "EPI_ISL_2131284",
  "EPI_ISL_1498300",
  "EPI_ISL_3115157",
  "EPI_ISL_3229501",
  "EPI_ISL_2864234",
  "EPI_ISL_2877054",
  "EPI_ISL_2877565",
  "EPI_ISL_1382294",
  "EPI_ISL_2404477",
  "EPI_ISL_2424358",
  "EPI_ISL_2832893",
  "EPI_ISL_2833345",
  "EPI_ISL_2726487",
  "EPI_ISL_2725686",
  "EPI_ISL_2825031",
  "EPI_ISL_2834777",
  "EPI_ISL_4566832",
  "EPI_ISL_7139643",
  "EPI_ISL_7139646",
  "EPI_ISL_7139690",
  "EPI_ISL_1972305",
  "EPI_ISL_1972306",
  "EPI_ISL_1972320",
  "EPI_ISL_1972325",
  "EPI_ISL_5596721",
  "EPI_ISL_5596722",
  "EPI_ISL_5596723",
  "EPI_ISL_2504137",
  "EPI_ISL_4345144",
  "EPI_ISL_1790123",
  "EPI_ISL_2479322",
  "EPI_ISL_2940852",
  "EPI_ISL_2940877",
  "EPI_ISL_2940878",
  "EPI_ISL_2940897",
  "EPI_ISL_2941096",
  "EPI_ISL_2938555",
  "EPI_ISL_2938899",
  "EPI_ISL_2939161",
  "EPI_ISL_2939458",
  "EPI_ISL_2939467",
  "EPI_ISL_2939552",
  "EPI_ISL_2939556",
  "EPI_ISL_2939695",
  "EPI_ISL_2939711",
  "EPI_ISL_2939720",
  "EPI_ISL_2939721",
  "EPI_ISL_2939723",
  "EPI_ISL_3117438",
  "EPI_ISL_3117439",
  "EPI_ISL_3910472",
  "EPI_ISL_3910475",
  "EPI_ISL_3910516",
  "EPI_ISL_3910542",
  "EPI_ISL_2169486",
  "EPI_ISL_2169676",
  "EPI_ISL_7690839",
  "EPI_ISL_7713660",
  "EPI_ISL_7713663",
  "EPI_ISL_5886824",
  "EPI_ISL_2365407",
  "EPI_ISL_2365408",
  "EPI_ISL_2365409",
  "EPI_ISL_2365410",
  "EPI_ISL_2365411",
  "EPI_ISL_2365412",
  "EPI_ISL_2281255",
  "EPI_ISL_2281260",
  "EPI_ISL_2281267",
  "EPI_ISL_2281268",
  "EPI_ISL_2281269",
  "EPI_ISL_2281271",
  "EPI_ISL_2281272",
  "EPI_ISL_2281280",
  "EPI_ISL_2365413",
  "EPI_ISL_2281276",
  "EPI_ISL_2281277",
  "EPI_ISL_2365414",
  "EPI_ISL_2365415",
  "EPI_ISL_2365416",
  "EPI_ISL_2365417",
  "EPI_ISL_2889852",
  "EPI_ISL_2889850",
  "EPI_ISL_2889849",
  "EPI_ISL_2889838",
  "EPI_ISL_2889842",
  "EPI_ISL_2889836",
  "EPI_ISL_2889837",
  "EPI_ISL_2889843",
  "EPI_ISL_2889839",
  "EPI_ISL_5592579",
  "EPI_ISL_2889840",
  "EPI_ISL_2889847",
  "EPI_ISL_2889853",
  "EPI_ISL_2889851",
  "EPI_ISL_2889834",
  "EPI_ISL_2889841",
  "EPI_ISL_2889846",
  "EPI_ISL_2889835",
  "EPI_ISL_2889833",
  "EPI_ISL_2889845",
  "EPI_ISL_2964947",
  "EPI_ISL_2964954",
  "EPI_ISL_2964951",
  "EPI_ISL_2964950",
  "EPI_ISL_2964945",
  "EPI_ISL_2964946",
  "EPI_ISL_3040125",
  "EPI_ISL_3040126",
  "EPI_ISL_3040127",
  "EPI_ISL_3040128",
  "EPI_ISL_3040131",
  "EPI_ISL_3040132",
  "EPI_ISL_3040135",
  "EPI_ISL_3040137",
  "EPI_ISL_7120438",
  "EPI_ISL_7120441",
  "EPI_ISL_7120442",
  "EPI_ISL_7120443",
  "EPI_ISL_7120482",
  "EPI_ISL_7120444",
  "EPI_ISL_7120446",
  "EPI_ISL_7120447",
  "EPI_ISL_7120448",
  "EPI_ISL_7120449",
  "EPI_ISL_7120450",
  "EPI_ISL_7120451",
  "EPI_ISL_7120456",
  "EPI_ISL_7120457",
  "EPI_ISL_7120458",
  "EPI_ISL_7120459",
  "EPI_ISL_7120460",
  "EPI_ISL_7120461",
  "EPI_ISL_7120466",
  "EPI_ISL_7120468",
  "EPI_ISL_7120469",
  "EPI_ISL_7120470",
  "EPI_ISL_7120471",
  "EPI_ISL_7120472",
  "EPI_ISL_7120473",
  "EPI_ISL_7120474",
  "EPI_ISL_7120477",
  "EPI_ISL_7120479",
  "EPI_ISL_7120480",
  "EPI_ISL_7120490",
  "EPI_ISL_7120491",
  "EPI_ISL_7120492",
  "EPI_ISL_7120494",
  "EPI_ISL_7120498",
  "EPI_ISL_7120499",
  "EPI_ISL_7120501",
  "EPI_ISL_7120503",
  "EPI_ISL_7120504",
  "EPI_ISL_7120505",
  "EPI_ISL_7120506",
  "EPI_ISL_7120507",
  "EPI_ISL_7120508",
  "EPI_ISL_1675656",
  "EPI_ISL_2545564",
  "EPI_ISL_2324821",
  "EPI_ISL_1828718",
  "EPI_ISL_1971075",
  "EPI_ISL_3086915",
  "EPI_ISL_2493985",
  "EPI_ISL_1718408",
  "EPI_ISL_1242199",
  "EPI_ISL_1275972",
  "EPI_ISL_1276088",
  "EPI_ISL_1316127",
  "EPI_ISL_1275749",
  "EPI_ISL_1329219",
  "EPI_ISL_1329268",
  "EPI_ISL_1329214",
  "EPI_ISL_1327538",
  "EPI_ISL_2121107",
  "EPI_ISL_2117910",
  "EPI_ISL_2235679",
  "EPI_ISL_2346864",
  "EPI_ISL_3573589",
  "EPI_ISL_3776740",
  "EPI_ISL_3776754",
  "EPI_ISL_3776880",
  "EPI_ISL_1638013",
  "EPI_ISL_1673323",
  "EPI_ISL_3135410",
  "EPI_ISL_2608762",
  "EPI_ISL_4092316",
  "EPI_ISL_3014900",
  "EPI_ISL_1406653",
  "EPI_ISL_2510090",
  "EPI_ISL_2828603",
  "EPI_ISL_1623167",
  "EPI_ISL_1623586",
  "EPI_ISL_2289616",
  "EPI_ISL_2482683",
  "EPI_ISL_2482693",
  "EPI_ISL_2482696",
  "EPI_ISL_2482791",
  "EPI_ISL_3206740",
  "EPI_ISL_2676744",
  "EPI_ISL_2676746",
  "EPI_ISL_2676761",
  "EPI_ISL_2676765",
  "EPI_ISL_2933451",
  "EPI_ISL_4606440",
  "EPI_ISL_2567523",
  "EPI_ISL_2373927",
  "EPI_ISL_2373932",
  "EPI_ISL_2791285",
  "EPI_ISL_3475212",
  "EPI_ISL_4549017",
  "EPI_ISL_2029977",
  "EPI_ISL_2030060",
  "EPI_ISL_2029621",
  "EPI_ISL_2029936",
  "EPI_ISL_2029888",
  "EPI_ISL_2029615",
  "EPI_ISL_2612587",
  "EPI_ISL_2790921",
  "EPI_ISL_2790922",
  "EPI_ISL_2790923",
  "EPI_ISL_2600376",
  "EPI_ISL_1789100",
  "EPI_ISL_1915177",
  "EPI_ISL_2029787",
  "EPI_ISL_2188415",
  "EPI_ISL_2293322",
  "EPI_ISL_2293323",
  "EPI_ISL_2293498",
  "EPI_ISL_2374411",
  "EPI_ISL_2532297",
  "EPI_ISL_2152575",
  "EPI_ISL_2228812",
  "EPI_ISL_1915140",
  "EPI_ISL_2374183",
  "EPI_ISL_2464209",
  "EPI_ISL_3527595",
  "EPI_ISL_3046558",
  "EPI_ISL_2444375",
  "EPI_ISL_1671822",
  "EPI_ISL_2421124",
  "EPI_ISL_2562034",
  "EPI_ISL_1755103",
  "EPI_ISL_1757775",
  "EPI_ISL_1756607",
  "EPI_ISL_1757704",
  "EPI_ISL_2152589",
  "EPI_ISL_2152460",
  "EPI_ISL_2228884",
  "EPI_ISL_2333740",
  "EPI_ISL_2334020",
  "EPI_ISL_2333768",
  "EPI_ISL_2464447",
  "EPI_ISL_2637798",
  "EPI_ISL_2637863",
  "EPI_ISL_2878449",
  "EPI_ISL_2983944",
  "EPI_ISL_3393534",
  "EPI_ISL_3392090",
  "EPI_ISL_3477781",
  "EPI_ISL_1582678",
  "EPI_ISL_1675082",
  "EPI_ISL_1675084",
  "EPI_ISL_1700651",
  "EPI_ISL_1789089",
  "EPI_ISL_1789090",
  "EPI_ISL_1789091",
  "EPI_ISL_1789092",
  "EPI_ISL_1789093",
  "EPI_ISL_1789094",
  "EPI_ISL_1821604",
  "EPI_ISL_1789095",
  "EPI_ISL_1789096",
  "EPI_ISL_1789097",
  "EPI_ISL_2029714",
  "EPI_ISL_2029629",
  "EPI_ISL_2188340",
  "EPI_ISL_2188468",
  "EPI_ISL_2464024",
  "EPI_ISL_2531831",
  "EPI_ISL_2627977",
  "EPI_ISL_2835867",
  "EPI_ISL_3153377",
  "EPI_ISL_3185935",
  "EPI_ISL_3506933",
  "EPI_ISL_3999688",
  "EPI_ISL_2373973",
  "EPI_ISL_2629288",
  "EPI_ISL_2688650",
  "EPI_ISL_2688652",
  "EPI_ISL_2688653",
  "EPI_ISL_2769380",
  "EPI_ISL_2688663",
  "EPI_ISL_5062468",
  "EPI_ISL_2688698",
  "EPI_ISL_5062466",
  "EPI_ISL_5062331",
  "EPI_ISL_5062202",
  "EPI_ISL_5062587",
  "EPI_ISL_2688759",
  "EPI_ISL_2688760",
  "EPI_ISL_2688761",
  "EPI_ISL_2688762",
  "EPI_ISL_2688785",
  "EPI_ISL_2688786",
  "EPI_ISL_5062467",
  "EPI_ISL_5062469",
  "EPI_ISL_2983947",
  "EPI_ISL_1675013",
  "EPI_ISL_1675021",
  "EPI_ISL_2278470",
  "EPI_ISL_3131002",
  "EPI_ISL_3802271",
  "EPI_ISL_1817033",
  "EPI_ISL_2453875",
  "EPI_ISL_2193991",
  "EPI_ISL_2194010",
  "EPI_ISL_2194021",
  "EPI_ISL_2194025",
  "EPI_ISL_2194027",
  "EPI_ISL_2194028",
  "EPI_ISL_1495980",
  "EPI_ISL_1789037",
  "EPI_ISL_2293601",
  "EPI_ISL_2434979",
  "EPI_ISL_2442363",
  "EPI_ISL_3356351",
  "EPI_ISL_1905176",
  "EPI_ISL_2259668",
  "EPI_ISL_2259669",
  "EPI_ISL_2262447",
  "EPI_ISL_2315648",
  "EPI_ISL_2316829",
  "EPI_ISL_2390317",
  "EPI_ISL_2469565",
  "EPI_ISL_3122631",
  "EPI_ISL_3501355",
  "EPI_ISL_2094536",
  "EPI_ISL_1566470",
  "EPI_ISL_1566566",
  "EPI_ISL_1568272",
  "EPI_ISL_1845707",
  "EPI_ISL_1852817",
  "EPI_ISL_2265966",
  "EPI_ISL_1844130",
  "EPI_ISL_1844259",
  "EPI_ISL_2762006",
  "EPI_ISL_2762053",
  "EPI_ISL_2762085",
  "EPI_ISL_2845328",
  "EPI_ISL_2845368",
  "EPI_ISL_3237538",
  "EPI_ISL_3494768",
  "EPI_ISL_2636756",
  "EPI_ISL_3947457",
  "EPI_ISL_2689476",
  "EPI_ISL_1843903",
  "EPI_ISL_2123141",
  "EPI_ISL_2123177",
  "EPI_ISL_1565237",
  "EPI_ISL_2115390",
  "EPI_ISL_2122527",
  "EPI_ISL_2129571",
  "EPI_ISL_2265010",
  "EPI_ISL_2265019",
  "EPI_ISL_2265478",
  "EPI_ISL_2265552",
  "EPI_ISL_2313265",
  "EPI_ISL_2313306",
  "EPI_ISL_2387453",
  "EPI_ISL_2388214",
  "EPI_ISL_5397415",
  "EPI_ISL_5397454",
  "EPI_ISL_1284252",
  "EPI_ISL_2118288",
  "EPI_ISL_2124462",
  "EPI_ISL_1571290",
  "EPI_ISL_1643902",
  "EPI_ISL_1643915",
  "EPI_ISL_1845845",
  "EPI_ISL_1845921",
  "EPI_ISL_1845926",
  "EPI_ISL_1847168",
  "EPI_ISL_1847176",
  "EPI_ISL_2110753",
  "EPI_ISL_2123767",
  "EPI_ISL_2285857",
  "EPI_ISL_5751071",
  "EPI_ISL_2611673",
  "EPI_ISL_2723768",
  "EPI_ISL_2651126",
  "EPI_ISL_2774699",
  "EPI_ISL_3138804",
  "EPI_ISL_1785368",
  "EPI_ISL_2365937",
  "EPI_ISL_3495261",
  "EPI_ISL_3061184",
  "EPI_ISL_3061186",
  "EPI_ISL_3061185",
  "EPI_ISL_4050993",
  "EPI_ISL_6202019",
  "EPI_ISL_4050991",
  "EPI_ISL_2517063",
  "EPI_ISL_2604197",
  "EPI_ISL_2448615",
  "EPI_ISL_2448608",
  "EPI_ISL_2448513",
  "EPI_ISL_2638158",
  "EPI_ISL_1760006",
  "EPI_ISL_1760007",
  "EPI_ISL_1760008",
  "EPI_ISL_1760009",
  "EPI_ISL_1760020",
  "EPI_ISL_1760021",
  "EPI_ISL_1760022",
  "EPI_ISL_1760023",
  "EPI_ISL_2136815",
  "EPI_ISL_2138821",
  "EPI_ISL_2138822",
  "EPI_ISL_2138832",
  "EPI_ISL_2138848",
  "EPI_ISL_2138852",
  "EPI_ISL_2138854",
  "EPI_ISL_2138857",
  "EPI_ISL_2138861",
  "EPI_ISL_2226603",
  "EPI_ISL_2226632",
  "EPI_ISL_2226596",
  "EPI_ISL_2226604",
  "EPI_ISL_2428485",
  "EPI_ISL_2428461",
  "EPI_ISL_2428474",
  "EPI_ISL_2497502",
  "EPI_ISL_2497505",
  "EPI_ISL_2497531",
  "EPI_ISL_2497538",
  "EPI_ISL_2625886",
  "EPI_ISL_2625891",
  "EPI_ISL_2625892",
  "EPI_ISL_2625894",
  "EPI_ISL_2625896",
  "EPI_ISL_2625898",
  "EPI_ISL_2625903",
  "EPI_ISL_2625906",
  "EPI_ISL_2625909",
  "EPI_ISL_2625911",
  "EPI_ISL_2625912",
  "EPI_ISL_2625922",
  "EPI_ISL_2625924",
  "EPI_ISL_2644812",
  "EPI_ISL_2644818",
  "EPI_ISL_2644793",
  "EPI_ISL_2644798",
  "EPI_ISL_2644813",
  "EPI_ISL_2644782",
  "EPI_ISL_2644819",
  "EPI_ISL_2644773",
  "EPI_ISL_2644783",
  "EPI_ISL_2878074",
  "EPI_ISL_2878080",
  "EPI_ISL_2878081",
  "EPI_ISL_2095894",
  "EPI_ISL_1540680",
  "EPI_ISL_1540683",
  "EPI_ISL_2694568",
  "EPI_ISL_2334588",
  "EPI_ISL_2334661",
  "EPI_ISL_2428387",
  "EPI_ISL_2509802",
  "EPI_ISL_2694106",
  "EPI_ISL_2694578",
  "EPI_ISL_2509571",
  "EPI_ISL_2614788",
  "EPI_ISL_2694535",
  "EPI_ISL_2878163",
  "EPI_ISL_1960617",
  "EPI_ISL_1579691",
  "EPI_ISL_1656854",
  "EPI_ISL_1656882",
  "EPI_ISL_1960616",
  "EPI_ISL_1960181",
  "EPI_ISL_1960612",
  "EPI_ISL_1960606",
  "EPI_ISL_1960611",
  "EPI_ISL_1960198",
  "EPI_ISL_1960609",
  "EPI_ISL_1960610",
  "EPI_ISL_1960607",
  "EPI_ISL_1960608",
  "EPI_ISL_1960165",
  "EPI_ISL_1960614",
  "EPI_ISL_1960615",
  "EPI_ISL_1960613",
  "EPI_ISL_2428377",
  "EPI_ISL_2509615",
  "EPI_ISL_2694574",
  "EPI_ISL_2694566",
  "EPI_ISL_2694577",
  "EPI_ISL_2509872",
  "EPI_ISL_2509666",
  "EPI_ISL_2694570",
  "EPI_ISL_2694571",
  "EPI_ISL_2694572",
  "EPI_ISL_2694016",
  "EPI_ISL_2334879",
  "EPI_ISL_2694569",
  "EPI_ISL_2694567",
  "EPI_ISL_2694576",
  "EPI_ISL_2334203",
  "EPI_ISL_1579784",
  "EPI_ISL_1579607",
  "EPI_ISL_1579527",
  "EPI_ISL_1579571",
  "EPI_ISL_1579903",
  "EPI_ISL_2428278",
  "EPI_ISL_2334905",
  "EPI_ISL_2334906",
  "EPI_ISL_2509532",
  "EPI_ISL_2694022",
  "EPI_ISL_2694565",
  "EPI_ISL_2694575",
  "EPI_ISL_2693984",
  "EPI_ISL_2694542",
  "EPI_ISL_2694563",
  "EPI_ISL_2694564",
  "EPI_ISL_2694040",
  "EPI_ISL_2694533",
  "EPI_ISL_2694573",
  "EPI_ISL_2694039",
  "EPI_ISL_2694071",
  "EPI_ISL_2694026",
  "EPI_ISL_2615051",
  "EPI_ISL_2334187",
  "EPI_ISL_2428316",
  "EPI_ISL_2428383",
  "EPI_ISL_2428226",
  "EPI_ISL_2615175",
  "EPI_ISL_2614849",
  "EPI_ISL_2334977",
  "EPI_ISL_2095986",
  "EPI_ISL_2095987",
  "EPI_ISL_2095980",
  "EPI_ISL_2095982",
  "EPI_ISL_2095981",
  "EPI_ISL_2095988",
  "EPI_ISL_2095989",
  "EPI_ISL_2095983",
  "EPI_ISL_2095990",
  "EPI_ISL_2095984",
  "EPI_ISL_2095985",
  "EPI_ISL_1911429",
  "EPI_ISL_2428501",
  "EPI_ISL_2497851",
  "EPI_ISL_2497860",
  "EPI_ISL_2497863",
  "EPI_ISL_1576950",
  "EPI_ISL_2006715",
  "EPI_ISL_2227185",
  "EPI_ISL_1910043",
  "EPI_ISL_1909844",
  "EPI_ISL_1909875",
  "EPI_ISL_1910156",
  "EPI_ISL_1911899",
  "EPI_ISL_2095895",
  "EPI_ISL_1756769",
  "EPI_ISL_1908649",
  "EPI_ISL_1969180",
  "EPI_ISL_1585832",
  "EPI_ISL_1585833",
  "EPI_ISL_1661639",
  "EPI_ISL_1661662",
  "EPI_ISL_1661694",
  "EPI_ISL_1661705",
  "EPI_ISL_1661716",
  "EPI_ISL_1661727",
  "EPI_ISL_1661738",
  "EPI_ISL_1661747",
  "EPI_ISL_1823196",
  "EPI_ISL_1823197",
  "EPI_ISL_1823198",
  "EPI_ISL_1823199",
  "EPI_ISL_1756904",
  "EPI_ISL_1823200",
  "EPI_ISL_1823201",
  "EPI_ISL_2339513",
  "EPI_ISL_2428545",
  "EPI_ISL_2428700",
  "EPI_ISL_2428683",
  "EPI_ISL_2428633",
  "EPI_ISL_2428929",
  "EPI_ISL_2510701",
  "EPI_ISL_2495918",
  "EPI_ISL_2095896",
  "EPI_ISL_2095897",
  "EPI_ISL_3147605",
  "EPI_ISL_3147606",
  "EPI_ISL_3145495",
  "EPI_ISL_2476304",
  "EPI_ISL_4201717",
  "EPI_ISL_1919296",
  "EPI_ISL_2171204",
  "EPI_ISL_2188829",
  "EPI_ISL_1854262",
  "EPI_ISL_2248995",
  "EPI_ISL_2248996",
  "EPI_ISL_2362120",
  "EPI_ISL_2362121",
  "EPI_ISL_2362122",
  "EPI_ISL_2362123",
  "EPI_ISL_2362126",
  "EPI_ISL_2362127",
  "EPI_ISL_2362128",
  "EPI_ISL_2362129",
  "EPI_ISL_2362130",
  "EPI_ISL_2362131",
  "EPI_ISL_2362132",
  "EPI_ISL_2978195",
  "EPI_ISL_2978196",
  "EPI_ISL_2978202",
  "EPI_ISL_2978207",
  "EPI_ISL_2978210",
  "EPI_ISL_2978211",
  "EPI_ISL_2978216",
  "EPI_ISL_2978217",
  "EPI_ISL_2978218",
  "EPI_ISL_2978220",
  "EPI_ISL_2978222",
  "EPI_ISL_2978223",
  "EPI_ISL_2978224",
  "EPI_ISL_2978225",
  "EPI_ISL_2978226",
  "EPI_ISL_2978227",
  "EPI_ISL_2978228",
  "EPI_ISL_2978234",
  "EPI_ISL_2978236",
  "EPI_ISL_2153043",
  "EPI_ISL_2152803",
  "EPI_ISL_2238624",
  "EPI_ISL_2873827",
  "EPI_ISL_5006874",
  "EPI_ISL_5006901",
  "EPI_ISL_5006902",
  "EPI_ISL_5006907",
  "EPI_ISL_5007418",
  "EPI_ISL_6013212",
  "EPI_ISL_6013285",
  "EPI_ISL_2361095",
  "EPI_ISL_2361096",
  "EPI_ISL_2361097",
  "EPI_ISL_2361099",
  "EPI_ISL_2361135",
  "EPI_ISL_2361138",
  "EPI_ISL_2361139",
  "EPI_ISL_2361140",
  "EPI_ISL_2361148",
  "EPI_ISL_2361150",
  "EPI_ISL_2361151",
  "EPI_ISL_2361152",
  "EPI_ISL_2361162",
  "EPI_ISL_2361167",
  "EPI_ISL_2361169",
  "EPI_ISL_2361170",
  "EPI_ISL_2361171",
  "EPI_ISL_2361172",
  "EPI_ISL_2361180",
  "EPI_ISL_2361182",
  "EPI_ISL_2361186",
  "EPI_ISL_2361194",
  "EPI_ISL_2361195",
  "EPI_ISL_2361196",
  "EPI_ISL_2361198",
  "EPI_ISL_2361206",
  "EPI_ISL_2361207",
  "EPI_ISL_2361208",
  "EPI_ISL_2361209",
  "EPI_ISL_2361210",
  "EPI_ISL_2361211",
  "EPI_ISL_2361212",
  "EPI_ISL_2361213",
  "EPI_ISL_2361214",
  "EPI_ISL_2361215",
  "EPI_ISL_2361216",
  "EPI_ISL_2361217",
  "EPI_ISL_2361218",
  "EPI_ISL_2361219",
  "EPI_ISL_2361221",
  "EPI_ISL_2361222",
  "EPI_ISL_2361223",
  "EPI_ISL_2361224",
  "EPI_ISL_2361225",
  "EPI_ISL_2361226",
  "EPI_ISL_2361227",
  "EPI_ISL_2361228",
  "EPI_ISL_2361229",
  "EPI_ISL_2361230",
  "EPI_ISL_2361231",
  "EPI_ISL_2361232",
  "EPI_ISL_2361233",
  "EPI_ISL_2361234",
  "EPI_ISL_2361235",
  "EPI_ISL_2361236",
  "EPI_ISL_2361237",
  "EPI_ISL_2361238",
  "EPI_ISL_2361239",
  "EPI_ISL_2361240",
  "EPI_ISL_2361241",
  "EPI_ISL_2361242",
  "EPI_ISL_2361243",
  "EPI_ISL_2361244",
  "EPI_ISL_2361245",
  "EPI_ISL_2361246",
  "EPI_ISL_2361247",
  "EPI_ISL_2361248",
  "EPI_ISL_2361249",
  "EPI_ISL_2361250",
  "EPI_ISL_2361251",
  "EPI_ISL_2361252",
  "EPI_ISL_2361253",
  "EPI_ISL_2361254",
  "EPI_ISL_2361255",
  "EPI_ISL_2361256",
  "EPI_ISL_2361257",
  "EPI_ISL_2361258",
  "EPI_ISL_2361259",
  "EPI_ISL_2361260",
  "EPI_ISL_2361261",
  "EPI_ISL_2361262",
  "EPI_ISL_2361263",
  "EPI_ISL_2361264",
  "EPI_ISL_2361265",
  "EPI_ISL_2710384",
  "EPI_ISL_2710385",
  "EPI_ISL_2710386",
  "EPI_ISL_2710387",
  "EPI_ISL_2710388",
  "EPI_ISL_2710389",
  "EPI_ISL_2710390",
  "EPI_ISL_2710391",
  "EPI_ISL_2710392",
  "EPI_ISL_2710393",
  "EPI_ISL_2710394",
  "EPI_ISL_2710395",
  "EPI_ISL_2710396",
  "EPI_ISL_2710397",
  "EPI_ISL_2710398",
  "EPI_ISL_2710399",
  "EPI_ISL_2710400",
  "EPI_ISL_2710401",
  "EPI_ISL_2710402",
  "EPI_ISL_2710403",
  "EPI_ISL_2710404",
  "EPI_ISL_2710405",
  "EPI_ISL_2710406",
  "EPI_ISL_2710407",
  "EPI_ISL_2710408",
  "EPI_ISL_2710409",
  "EPI_ISL_2710410",
  "EPI_ISL_2710411",
  "EPI_ISL_2710412",
  "EPI_ISL_2710413",
  "EPI_ISL_2710414",
  "EPI_ISL_2710415",
  "EPI_ISL_2710416",
  "EPI_ISL_2710417",
  "EPI_ISL_2710418",
  "EPI_ISL_2710419",
  "EPI_ISL_2710420",
  "EPI_ISL_2710421",
  "EPI_ISL_2710422",
  "EPI_ISL_2710423",
  "EPI_ISL_2710424",
  "EPI_ISL_2710425",
  "EPI_ISL_2710426",
  "EPI_ISL_2710427",
  "EPI_ISL_2710428",
  "EPI_ISL_2710429",
  "EPI_ISL_2710430",
  "EPI_ISL_2710431",
  "EPI_ISL_2710432",
  "EPI_ISL_2710433",
  "EPI_ISL_2710434",
  "EPI_ISL_2710435",
  "EPI_ISL_2710436",
  "EPI_ISL_2710437",
  "EPI_ISL_2710438",
  "EPI_ISL_2710439",
  "EPI_ISL_2710440",
  "EPI_ISL_2710441",
  "EPI_ISL_2710442",
  "EPI_ISL_2710443",
  "EPI_ISL_2710444",
  "EPI_ISL_2710445",
  "EPI_ISL_2710446",
  "EPI_ISL_2710447",
  "EPI_ISL_2710448",
  "EPI_ISL_2710449",
  "EPI_ISL_2710450",
  "EPI_ISL_2710451",
  "EPI_ISL_2710452",
  "EPI_ISL_2710453",
  "EPI_ISL_2710454",
  "EPI_ISL_2710455",
  "EPI_ISL_2710456",
  "EPI_ISL_2710457",
  "EPI_ISL_2710458",
  "EPI_ISL_2710459",
  "EPI_ISL_2710460",
  "EPI_ISL_2710461",
  "EPI_ISL_2710462",
  "EPI_ISL_2710463",
  "EPI_ISL_2710464",
  "EPI_ISL_2710465",
  "EPI_ISL_2710466",
  "EPI_ISL_2710467",
  "EPI_ISL_2710468",
  "EPI_ISL_2710469",
  "EPI_ISL_2710470",
  "EPI_ISL_2710471",
  "EPI_ISL_2710472",
  "EPI_ISL_2710473",
  "EPI_ISL_2710474",
  "EPI_ISL_2710475",
  "EPI_ISL_2710476",
  "EPI_ISL_2710477",
  "EPI_ISL_2710478",
  "EPI_ISL_2710479",
  "EPI_ISL_2710480",
  "EPI_ISL_2710481",
  "EPI_ISL_2710482",
  "EPI_ISL_2710483",
  "EPI_ISL_2710484",
  "EPI_ISL_2710485",
  "EPI_ISL_2710486",
  "EPI_ISL_2710487",
  "EPI_ISL_2710488",
  "EPI_ISL_2710489",
  "EPI_ISL_2710490",
  "EPI_ISL_2710492",
  "EPI_ISL_2710493",
  "EPI_ISL_2710494",
  "EPI_ISL_2710495",
  "EPI_ISL_2710496",
  "EPI_ISL_2710497",
  "EPI_ISL_2710498",
  "EPI_ISL_2710499",
  "EPI_ISL_2710500",
  "EPI_ISL_2710501",
  "EPI_ISL_2710502",
  "EPI_ISL_2710503",
  "EPI_ISL_2710504",
  "EPI_ISL_2710505",
  "EPI_ISL_2710506",
  "EPI_ISL_2710507",
  "EPI_ISL_2710508",
  "EPI_ISL_2710509",
  "EPI_ISL_2710510",
  "EPI_ISL_2710511",
  "EPI_ISL_2710512",
  "EPI_ISL_2710513",
  "EPI_ISL_2710514",
  "EPI_ISL_2710515",
  "EPI_ISL_2710516",
  "EPI_ISL_2710517",
  "EPI_ISL_2710518",
  "EPI_ISL_2710519",
  "EPI_ISL_2710520",
  "EPI_ISL_2710521",
  "EPI_ISL_2710522",
  "EPI_ISL_2710523",
  "EPI_ISL_2710524",
  "EPI_ISL_2710525",
  "EPI_ISL_2710526",
  "EPI_ISL_2710528",
  "EPI_ISL_2710529",
  "EPI_ISL_2710530",
  "EPI_ISL_2710531",
  "EPI_ISL_2710532",
  "EPI_ISL_2710533",
  "EPI_ISL_2710534",
  "EPI_ISL_2710535",
  "EPI_ISL_2710536",
  "EPI_ISL_2710537",
  "EPI_ISL_2710538",
  "EPI_ISL_2710539",
  "EPI_ISL_2710540",
  "EPI_ISL_2710541",
  "EPI_ISL_2710542",
  "EPI_ISL_2710543",
  "EPI_ISL_2710544",
  "EPI_ISL_2710545",
  "EPI_ISL_2710546",
  "EPI_ISL_2710547",
  "EPI_ISL_2710548",
  "EPI_ISL_2710549",
  "EPI_ISL_2754641",
  "EPI_ISL_2887413",
  "EPI_ISL_2967252",
  "EPI_ISL_2967253",
  "EPI_ISL_2967254",
  "EPI_ISL_2967255",
  "EPI_ISL_2967256",
  "EPI_ISL_2967257",
  "EPI_ISL_2967258",
  "EPI_ISL_2967261",
  "EPI_ISL_2967263",
  "EPI_ISL_2967265",
  "EPI_ISL_2967267",
  "EPI_ISL_2967270",
  "EPI_ISL_2967271",
  "EPI_ISL_2967280",
  "EPI_ISL_2967283",
  "EPI_ISL_2967301",
  "EPI_ISL_2967302",
  "EPI_ISL_2967335",
  "EPI_ISL_2967386",
  "EPI_ISL_2967406",
  "EPI_ISL_2967411",
  "EPI_ISL_2967414",
  "EPI_ISL_2967415",
  "EPI_ISL_2967420",
  "EPI_ISL_3026047",
  "EPI_ISL_3026065",
  "EPI_ISL_3026071",
  "EPI_ISL_3026072",
  "EPI_ISL_3026084",
  "EPI_ISL_3026085",
  "EPI_ISL_3026087",
  "EPI_ISL_3026099",
  "EPI_ISL_3026105",
  "EPI_ISL_3026126",
  "EPI_ISL_3026138",
  "EPI_ISL_3026150",
  "EPI_ISL_3026167",
  "EPI_ISL_3026168",
  "EPI_ISL_3026179",
  "EPI_ISL_3026180",
  "EPI_ISL_3026187",
  "EPI_ISL_3026207",
  "EPI_ISL_3026222",
  "EPI_ISL_3026230",
  "EPI_ISL_3026240",
  "EPI_ISL_3026246",
  "EPI_ISL_3026252",
  "EPI_ISL_3026271",
  "EPI_ISL_3026299",
  "EPI_ISL_3026320",
  "EPI_ISL_3026322",
  "EPI_ISL_3026330",
  "EPI_ISL_3026340",
  "EPI_ISL_3026341",
  "EPI_ISL_3026348",
  "EPI_ISL_3026349",
  "EPI_ISL_3026351",
  "EPI_ISL_3026354",
  "EPI_ISL_3026400",
  "EPI_ISL_3026423",
  "EPI_ISL_3026440",
  "EPI_ISL_3026459",
  "EPI_ISL_3026482",
  "EPI_ISL_3026489",
  "EPI_ISL_3026499",
  "EPI_ISL_3026508",
  "EPI_ISL_3026527",
  "EPI_ISL_3026542",
  "EPI_ISL_3026560",
  "EPI_ISL_3026622",
  "EPI_ISL_3026624",
  "EPI_ISL_3026651",
  "EPI_ISL_3026732",
  "EPI_ISL_3026814",
  "EPI_ISL_3026844",
  "EPI_ISL_3369192",
  "EPI_ISL_3369193",
  "EPI_ISL_3369190",
  "EPI_ISL_3369195"
]