[
  "EPI_ISL_3369197",
  "EPI_ISL_3369191",
  "EPI_ISL_3369194",
  "EPI_ISL_3369189",
  "EPI_ISL_3369186",
  "EPI_ISL_3369196",
  "EPI_ISL_3369187",
  "EPI_ISL_3369188",
  "EPI_ISL_3369198",
  "EPI_ISL_3369249",
  "EPI_ISL_3451950",
  "EPI_ISL_3451963",
  "EPI_ISL_3451995",
  "EPI_ISL_3451998",
  "EPI_ISL_3452009",
  "EPI_ISL_3452056",
  "EPI_ISL_3452058",
  "EPI_ISL_3452063",
  "EPI_ISL_3452075",
  "EPI_ISL_3452106",
  "EPI_ISL_3452343",
  "EPI_ISL_3452346",
  "EPI_ISL_3452368",
  "EPI_ISL_3452370",
  "EPI_ISL_3452371",
  "EPI_ISL_3452410",
  "EPI_ISL_3452414",
  "EPI_ISL_3452467",
  "EPI_ISL_3544722",
  "EPI_ISL_3544814",
  "EPI_ISL_3544868",
  "EPI_ISL_3544885",
  "EPI_ISL_3544905",
  "EPI_ISL_3544934",
  "EPI_ISL_3544963",
  "EPI_ISL_3544970",
  "EPI_ISL_3544981",
  "EPI_ISL_3545006",
  "EPI_ISL_3545055",
  "EPI_ISL_3545062",
  "EPI_ISL_3545063",
  "EPI_ISL_3545065",
  "EPI_ISL_3545067",
  "EPI_ISL_3545069",
  "EPI_ISL_3545112",
  "EPI_ISL_3545124",
  "EPI_ISL_3545177",
  "EPI_ISL_3545204",
  "EPI_ISL_3545211",
  "EPI_ISL_3674054",
  "EPI_ISL_3674092",
  "EPI_ISL_3674412",
  "EPI_ISL_3674415",
  "EPI_ISL_3674561",
  "EPI_ISL_3674625",
  "EPI_ISL_3674634",
  "EPI_ISL_3674640",
  "EPI_ISL_3674682",
  "EPI_ISL_3772902",
  "EPI_ISL_1583618",
  "EPI_ISL_1761494",
  "EPI_ISL_1761505",
  "EPI_ISL_2898089",
  "EPI_ISL_2898109",
  "EPI_ISL_2210205",
  "EPI_ISL_2918837",
  "EPI_ISL_2918863",
  "EPI_ISL_2153441",
  "EPI_ISL_3045305",
  "EPI_ISL_1811302",
  "EPI_ISL_1993911",
  "EPI_ISL_1750667",
  "EPI_ISL_1914218",
  "EPI_ISL_2307734",
  "EPI_ISL_2102102",
  "EPI_ISL_2403787",
  "EPI_ISL_1369646",
  "EPI_ISL_2343073",
  "EPI_ISL_2343183",
  "EPI_ISL_2343182",
  "EPI_ISL_2601073",
  "EPI_ISL_4077363",
  "EPI_ISL_4274359",
  "EPI_ISL_2226704",
  "EPI_ISL_2226705",
  "EPI_ISL_2226720",
  "EPI_ISL_1829052",
  "EPI_ISL_2137390",
  "EPI_ISL_2137391",
  "EPI_ISL_2137387",
  "EPI_ISL_1829167",
  "EPI_ISL_1941702",
  "EPI_ISL_1941813",
  "EPI_ISL_2137400",
  "EPI_ISL_2137411",
  "EPI_ISL_2102132",
  "EPI_ISL_2102139",
  "EPI_ISL_2102142",
  "EPI_ISL_2322956",
  "EPI_ISL_2322972",
  "EPI_ISL_2500528",
  "EPI_ISL_2622110",
  "EPI_ISL_2686828",
  "EPI_ISL_2820523",
  "EPI_ISL_2868576",
  "EPI_ISL_2868578",
  "EPI_ISL_1914219",
  "EPI_ISL_2104500",
  "EPI_ISL_2104501",
  "EPI_ISL_2104631",
  "EPI_ISL_2731292",
  "EPI_ISL_3915018",
  "EPI_ISL_4371607",
  "EPI_ISL_2882269",
  "EPI_ISL_2370500",
  "EPI_ISL_2489681",
  "EPI_ISL_2758248",
  "EPI_ISL_2535955",
  "EPI_ISL_1805832",
  "EPI_ISL_1973436",
  "EPI_ISL_1973437",
  "EPI_ISL_2455323",
  "EPI_ISL_2319526",
  "EPI_ISL_1576771",
  "EPI_ISL_1936184",
  "EPI_ISL_2010575",
  "EPI_ISL_2087544",
  "EPI_ISL_1733152",
  "EPI_ISL_2187220",
  "EPI_ISL_2014756",
  "EPI_ISL_4385022",
  "EPI_ISL_2014315",
  "EPI_ISL_2249639",
  "EPI_ISL_2283507",
  "EPI_ISL_6492848",
  "EPI_ISL_2040330",
  "EPI_ISL_5070313",
  "EPI_ISL_1624880"
]